Archive member included to satisfy reference by file (symbol)

/home/seradya/toolchains/gcc-arm-none-eabi-10.3-2021.10/bin/../lib/gcc/arm-none-eabi/10.3.1/../../../../arm-none-eabi/lib/thumb/v7-m/nofp/libc_nano.a(lib_a-exit.o)
                              /home/seradya/toolchains/gcc-arm-none-eabi-10.3-2021.10/bin/../lib/gcc/arm-none-eabi/10.3.1/../../../../arm-none-eabi/lib/thumb/v7-m/nofp/crt0.o (exit)
/home/seradya/toolchains/gcc-arm-none-eabi-10.3-2021.10/bin/../lib/gcc/arm-none-eabi/10.3.1/../../../../arm-none-eabi/lib/thumb/v7-m/nofp/libc_nano.a(lib_a-impure.o)
                              /home/seradya/toolchains/gcc-arm-none-eabi-10.3-2021.10/bin/../lib/gcc/arm-none-eabi/10.3.1/../../../../arm-none-eabi/lib/thumb/v7-m/nofp/libc_nano.a(lib_a-exit.o) (_global_impure_ptr)
/home/seradya/toolchains/gcc-arm-none-eabi-10.3-2021.10/bin/../lib/gcc/arm-none-eabi/10.3.1/../../../../arm-none-eabi/lib/thumb/v7-m/nofp/libc_nano.a(lib_a-init.o)
                              /home/seradya/toolchains/gcc-arm-none-eabi-10.3-2021.10/bin/../lib/gcc/arm-none-eabi/10.3.1/../../../../arm-none-eabi/lib/thumb/v7-m/nofp/crt0.o (__libc_init_array)
/home/seradya/toolchains/gcc-arm-none-eabi-10.3-2021.10/bin/../lib/gcc/arm-none-eabi/10.3.1/../../../../arm-none-eabi/lib/thumb/v7-m/nofp/libc_nano.a(lib_a-memset.o)
                              /home/seradya/toolchains/gcc-arm-none-eabi-10.3-2021.10/bin/../lib/gcc/arm-none-eabi/10.3.1/../../../../arm-none-eabi/lib/thumb/v7-m/nofp/crt0.o (memset)
/home/seradya/toolchains/gcc-arm-none-eabi-10.3-2021.10/bin/../lib/gcc/arm-none-eabi/10.3.1/../../../../arm-none-eabi/lib/thumb/v7-m/nofp/libnosys.a(_exit.o)
                              /home/seradya/toolchains/gcc-arm-none-eabi-10.3-2021.10/bin/../lib/gcc/arm-none-eabi/10.3.1/../../../../arm-none-eabi/lib/thumb/v7-m/nofp/libc_nano.a(lib_a-exit.o) (_exit)

Discarded input sections

 .text          0x0000000000000000        0x0 /home/seradya/toolchains/gcc-arm-none-eabi-10.3-2021.10/bin/../lib/gcc/arm-none-eabi/10.3.1/thumb/v7-m/nofp/crti.o
 .data          0x0000000000000000        0x0 /home/seradya/toolchains/gcc-arm-none-eabi-10.3-2021.10/bin/../lib/gcc/arm-none-eabi/10.3.1/thumb/v7-m/nofp/crti.o
 .bss           0x0000000000000000        0x0 /home/seradya/toolchains/gcc-arm-none-eabi-10.3-2021.10/bin/../lib/gcc/arm-none-eabi/10.3.1/thumb/v7-m/nofp/crti.o
 .data          0x0000000000000000        0x4 /home/seradya/toolchains/gcc-arm-none-eabi-10.3-2021.10/bin/../lib/gcc/arm-none-eabi/10.3.1/thumb/v7-m/nofp/crtbegin.o
 .rodata        0x0000000000000000       0x24 /home/seradya/toolchains/gcc-arm-none-eabi-10.3-2021.10/bin/../lib/gcc/arm-none-eabi/10.3.1/thumb/v7-m/nofp/crtbegin.o
 .text          0x0000000000000000       0x7c /home/seradya/toolchains/gcc-arm-none-eabi-10.3-2021.10/bin/../lib/gcc/arm-none-eabi/10.3.1/../../../../arm-none-eabi/lib/thumb/v7-m/nofp/crt0.o
 .data          0x0000000000000000        0x0 /home/seradya/toolchains/gcc-arm-none-eabi-10.3-2021.10/bin/../lib/gcc/arm-none-eabi/10.3.1/../../../../arm-none-eabi/lib/thumb/v7-m/nofp/crt0.o
 .bss           0x0000000000000000        0x0 /home/seradya/toolchains/gcc-arm-none-eabi-10.3-2021.10/bin/../lib/gcc/arm-none-eabi/10.3.1/../../../../arm-none-eabi/lib/thumb/v7-m/nofp/crt0.o
 .ARM.extab     0x0000000000000000        0x0 /home/seradya/toolchains/gcc-arm-none-eabi-10.3-2021.10/bin/../lib/gcc/arm-none-eabi/10.3.1/../../../../arm-none-eabi/lib/thumb/v7-m/nofp/crt0.o
 .ARM.exidx     0x0000000000000000       0x10 /home/seradya/toolchains/gcc-arm-none-eabi-10.3-2021.10/bin/../lib/gcc/arm-none-eabi/10.3.1/../../../../arm-none-eabi/lib/thumb/v7-m/nofp/crt0.o
 .ARM.attributes
                0x0000000000000000       0x1b /home/seradya/toolchains/gcc-arm-none-eabi-10.3-2021.10/bin/../lib/gcc/arm-none-eabi/10.3.1/../../../../arm-none-eabi/lib/thumb/v7-m/nofp/crt0.o
 .text          0x0000000000000000        0x0 build/main.o
 .data          0x0000000000000000        0x0 build/main.o
 .bss           0x0000000000000000        0x0 build/main.o
 .text          0x0000000000000000        0x0 build/gpio.o
 .data          0x0000000000000000        0x0 build/gpio.o
 .bss           0x0000000000000000        0x0 build/gpio.o
 .text          0x0000000000000000        0x0 build/tim.o
 .data          0x0000000000000000        0x0 build/tim.o
 .bss           0x0000000000000000        0x0 build/tim.o
 .text          0x0000000000000000        0x0 build/rcc.o
 .data          0x0000000000000000        0x0 build/rcc.o
 .bss           0x0000000000000000        0x0 build/rcc.o
 .text          0x0000000000000000        0x0 build/it.o
 .data          0x0000000000000000        0x0 build/it.o
 .bss           0x0000000000000000        0x0 build/it.o
 .text          0x0000000000000000        0x0 build/stm32l1xx_it.o
 .data          0x0000000000000000        0x0 build/stm32l1xx_it.o
 .bss           0x0000000000000000        0x0 build/stm32l1xx_it.o
 .text          0x0000000000000000        0x0 build/system_stm32l1xx.o
 .data          0x0000000000000000        0x0 build/system_stm32l1xx.o
 .bss           0x0000000000000000        0x0 build/system_stm32l1xx.o
 .text.SystemCoreClockUpdate
                0x0000000000000000       0xc8 build/system_stm32l1xx.o
 .data.SystemCoreClock
                0x0000000000000000        0x4 build/system_stm32l1xx.o
 .rodata.AHBPrescTable
                0x0000000000000000       0x10 build/system_stm32l1xx.o
 .rodata.APBPrescTable
                0x0000000000000000        0x8 build/system_stm32l1xx.o
 .rodata.PLLMulTable
                0x0000000000000000        0x9 build/system_stm32l1xx.o
 .text          0x0000000000000000       0x14 build/startup_stm32l152xc.o
 .data          0x0000000000000000        0x0 build/startup_stm32l152xc.o
 .bss           0x0000000000000000        0x0 build/startup_stm32l152xc.o
 .text          0x0000000000000000        0x0 /home/seradya/toolchains/gcc-arm-none-eabi-10.3-2021.10/bin/../lib/gcc/arm-none-eabi/10.3.1/../../../../arm-none-eabi/lib/thumb/v7-m/nofp/libc_nano.a(lib_a-exit.o)
 .data          0x0000000000000000        0x0 /home/seradya/toolchains/gcc-arm-none-eabi-10.3-2021.10/bin/../lib/gcc/arm-none-eabi/10.3.1/../../../../arm-none-eabi/lib/thumb/v7-m/nofp/libc_nano.a(lib_a-exit.o)
 .bss           0x0000000000000000        0x0 /home/seradya/toolchains/gcc-arm-none-eabi-10.3-2021.10/bin/../lib/gcc/arm-none-eabi/10.3.1/../../../../arm-none-eabi/lib/thumb/v7-m/nofp/libc_nano.a(lib_a-exit.o)
 .text.exit     0x0000000000000000       0x28 /home/seradya/toolchains/gcc-arm-none-eabi-10.3-2021.10/bin/../lib/gcc/arm-none-eabi/10.3.1/../../../../arm-none-eabi/lib/thumb/v7-m/nofp/libc_nano.a(lib_a-exit.o)
 .debug_frame   0x0000000000000000       0x28 /home/seradya/toolchains/gcc-arm-none-eabi-10.3-2021.10/bin/../lib/gcc/arm-none-eabi/10.3.1/../../../../arm-none-eabi/lib/thumb/v7-m/nofp/libc_nano.a(lib_a-exit.o)
 .ARM.attributes
                0x0000000000000000       0x2d /home/seradya/toolchains/gcc-arm-none-eabi-10.3-2021.10/bin/../lib/gcc/arm-none-eabi/10.3.1/../../../../arm-none-eabi/lib/thumb/v7-m/nofp/libc_nano.a(lib_a-exit.o)
 .text          0x0000000000000000        0x0 /home/seradya/toolchains/gcc-arm-none-eabi-10.3-2021.10/bin/../lib/gcc/arm-none-eabi/10.3.1/../../../../arm-none-eabi/lib/thumb/v7-m/nofp/libc_nano.a(lib_a-impure.o)
 .data          0x0000000000000000        0x0 /home/seradya/toolchains/gcc-arm-none-eabi-10.3-2021.10/bin/../lib/gcc/arm-none-eabi/10.3.1/../../../../arm-none-eabi/lib/thumb/v7-m/nofp/libc_nano.a(lib_a-impure.o)
 .bss           0x0000000000000000        0x0 /home/seradya/toolchains/gcc-arm-none-eabi-10.3-2021.10/bin/../lib/gcc/arm-none-eabi/10.3.1/../../../../arm-none-eabi/lib/thumb/v7-m/nofp/libc_nano.a(lib_a-impure.o)
 .data._impure_ptr
                0x0000000000000000        0x4 /home/seradya/toolchains/gcc-arm-none-eabi-10.3-2021.10/bin/../lib/gcc/arm-none-eabi/10.3.1/../../../../arm-none-eabi/lib/thumb/v7-m/nofp/libc_nano.a(lib_a-impure.o)
 .data.impure_data
                0x0000000000000000       0x60 /home/seradya/toolchains/gcc-arm-none-eabi-10.3-2021.10/bin/../lib/gcc/arm-none-eabi/10.3.1/../../../../arm-none-eabi/lib/thumb/v7-m/nofp/libc_nano.a(lib_a-impure.o)
 .rodata._global_impure_ptr
                0x0000000000000000        0x4 /home/seradya/toolchains/gcc-arm-none-eabi-10.3-2021.10/bin/../lib/gcc/arm-none-eabi/10.3.1/../../../../arm-none-eabi/lib/thumb/v7-m/nofp/libc_nano.a(lib_a-impure.o)
 .ARM.attributes
                0x0000000000000000       0x2d /home/seradya/toolchains/gcc-arm-none-eabi-10.3-2021.10/bin/../lib/gcc/arm-none-eabi/10.3.1/../../../../arm-none-eabi/lib/thumb/v7-m/nofp/libc_nano.a(lib_a-impure.o)
 .text          0x0000000000000000        0x0 /home/seradya/toolchains/gcc-arm-none-eabi-10.3-2021.10/bin/../lib/gcc/arm-none-eabi/10.3.1/../../../../arm-none-eabi/lib/thumb/v7-m/nofp/libc_nano.a(lib_a-init.o)
 .data          0x0000000000000000        0x0 /home/seradya/toolchains/gcc-arm-none-eabi-10.3-2021.10/bin/../lib/gcc/arm-none-eabi/10.3.1/../../../../arm-none-eabi/lib/thumb/v7-m/nofp/libc_nano.a(lib_a-init.o)
 .bss           0x0000000000000000        0x0 /home/seradya/toolchains/gcc-arm-none-eabi-10.3-2021.10/bin/../lib/gcc/arm-none-eabi/10.3.1/../../../../arm-none-eabi/lib/thumb/v7-m/nofp/libc_nano.a(lib_a-init.o)
 .text          0x0000000000000000        0x0 /home/seradya/toolchains/gcc-arm-none-eabi-10.3-2021.10/bin/../lib/gcc/arm-none-eabi/10.3.1/../../../../arm-none-eabi/lib/thumb/v7-m/nofp/libc_nano.a(lib_a-memset.o)
 .data          0x0000000000000000        0x0 /home/seradya/toolchains/gcc-arm-none-eabi-10.3-2021.10/bin/../lib/gcc/arm-none-eabi/10.3.1/../../../../arm-none-eabi/lib/thumb/v7-m/nofp/libc_nano.a(lib_a-memset.o)
 .bss           0x0000000000000000        0x0 /home/seradya/toolchains/gcc-arm-none-eabi-10.3-2021.10/bin/../lib/gcc/arm-none-eabi/10.3.1/../../../../arm-none-eabi/lib/thumb/v7-m/nofp/libc_nano.a(lib_a-memset.o)
 .text.memset   0x0000000000000000       0x10 /home/seradya/toolchains/gcc-arm-none-eabi-10.3-2021.10/bin/../lib/gcc/arm-none-eabi/10.3.1/../../../../arm-none-eabi/lib/thumb/v7-m/nofp/libc_nano.a(lib_a-memset.o)
 .debug_frame   0x0000000000000000       0x20 /home/seradya/toolchains/gcc-arm-none-eabi-10.3-2021.10/bin/../lib/gcc/arm-none-eabi/10.3.1/../../../../arm-none-eabi/lib/thumb/v7-m/nofp/libc_nano.a(lib_a-memset.o)
 .ARM.attributes
                0x0000000000000000       0x2d /home/seradya/toolchains/gcc-arm-none-eabi-10.3-2021.10/bin/../lib/gcc/arm-none-eabi/10.3.1/../../../../arm-none-eabi/lib/thumb/v7-m/nofp/libc_nano.a(lib_a-memset.o)
 .text          0x0000000000000000        0x0 /home/seradya/toolchains/gcc-arm-none-eabi-10.3-2021.10/bin/../lib/gcc/arm-none-eabi/10.3.1/../../../../arm-none-eabi/lib/thumb/v7-m/nofp/libnosys.a(_exit.o)
 .data          0x0000000000000000        0x0 /home/seradya/toolchains/gcc-arm-none-eabi-10.3-2021.10/bin/../lib/gcc/arm-none-eabi/10.3.1/../../../../arm-none-eabi/lib/thumb/v7-m/nofp/libnosys.a(_exit.o)
 .bss           0x0000000000000000        0x0 /home/seradya/toolchains/gcc-arm-none-eabi-10.3-2021.10/bin/../lib/gcc/arm-none-eabi/10.3.1/../../../../arm-none-eabi/lib/thumb/v7-m/nofp/libnosys.a(_exit.o)
 .text._exit    0x0000000000000000        0x4 /home/seradya/toolchains/gcc-arm-none-eabi-10.3-2021.10/bin/../lib/gcc/arm-none-eabi/10.3.1/../../../../arm-none-eabi/lib/thumb/v7-m/nofp/libnosys.a(_exit.o)
 .debug_frame   0x0000000000000000       0x20 /home/seradya/toolchains/gcc-arm-none-eabi-10.3-2021.10/bin/../lib/gcc/arm-none-eabi/10.3.1/../../../../arm-none-eabi/lib/thumb/v7-m/nofp/libnosys.a(_exit.o)
 .ARM.attributes
                0x0000000000000000       0x2d /home/seradya/toolchains/gcc-arm-none-eabi-10.3-2021.10/bin/../lib/gcc/arm-none-eabi/10.3.1/../../../../arm-none-eabi/lib/thumb/v7-m/nofp/libnosys.a(_exit.o)
 .text          0x0000000000000000        0x0 /home/seradya/toolchains/gcc-arm-none-eabi-10.3-2021.10/bin/../lib/gcc/arm-none-eabi/10.3.1/thumb/v7-m/nofp/crtend.o
 .data          0x0000000000000000        0x0 /home/seradya/toolchains/gcc-arm-none-eabi-10.3-2021.10/bin/../lib/gcc/arm-none-eabi/10.3.1/thumb/v7-m/nofp/crtend.o
 .bss           0x0000000000000000        0x0 /home/seradya/toolchains/gcc-arm-none-eabi-10.3-2021.10/bin/../lib/gcc/arm-none-eabi/10.3.1/thumb/v7-m/nofp/crtend.o
 .rodata        0x0000000000000000       0x24 /home/seradya/toolchains/gcc-arm-none-eabi-10.3-2021.10/bin/../lib/gcc/arm-none-eabi/10.3.1/thumb/v7-m/nofp/crtend.o
 .eh_frame      0x0000000000000000        0x4 /home/seradya/toolchains/gcc-arm-none-eabi-10.3-2021.10/bin/../lib/gcc/arm-none-eabi/10.3.1/thumb/v7-m/nofp/crtend.o
 .ARM.attributes
                0x0000000000000000       0x2d /home/seradya/toolchains/gcc-arm-none-eabi-10.3-2021.10/bin/../lib/gcc/arm-none-eabi/10.3.1/thumb/v7-m/nofp/crtend.o
 .text          0x0000000000000000        0x0 /home/seradya/toolchains/gcc-arm-none-eabi-10.3-2021.10/bin/../lib/gcc/arm-none-eabi/10.3.1/thumb/v7-m/nofp/crtn.o
 .data          0x0000000000000000        0x0 /home/seradya/toolchains/gcc-arm-none-eabi-10.3-2021.10/bin/../lib/gcc/arm-none-eabi/10.3.1/thumb/v7-m/nofp/crtn.o
 .bss           0x0000000000000000        0x0 /home/seradya/toolchains/gcc-arm-none-eabi-10.3-2021.10/bin/../lib/gcc/arm-none-eabi/10.3.1/thumb/v7-m/nofp/crtn.o

Memory Configuration

Name             Origin             Length             Attributes
RAM              0x0000000020000000 0x0000000000008000 xrw
FLASH            0x0000000008000000 0x0000000000040000 xr
*default*        0x0000000000000000 0xffffffffffffffff

Linker script and memory map

LOAD /home/seradya/toolchains/gcc-arm-none-eabi-10.3-2021.10/bin/../lib/gcc/arm-none-eabi/10.3.1/thumb/v7-m/nofp/crti.o
LOAD /home/seradya/toolchains/gcc-arm-none-eabi-10.3-2021.10/bin/../lib/gcc/arm-none-eabi/10.3.1/thumb/v7-m/nofp/crtbegin.o
LOAD /home/seradya/toolchains/gcc-arm-none-eabi-10.3-2021.10/bin/../lib/gcc/arm-none-eabi/10.3.1/../../../../arm-none-eabi/lib/thumb/v7-m/nofp/crt0.o
LOAD build/main.o
LOAD build/gpio.o
LOAD build/tim.o
LOAD build/rcc.o
LOAD build/it.o
LOAD build/stm32l1xx_it.o
LOAD build/system_stm32l1xx.o
LOAD build/startup_stm32l152xc.o
LOAD /home/seradya/toolchains/gcc-arm-none-eabi-10.3-2021.10/bin/../lib/gcc/arm-none-eabi/10.3.1/../../../../arm-none-eabi/lib/thumb/v7-m/nofp/libc_nano.a
LOAD /home/seradya/toolchains/gcc-arm-none-eabi-10.3-2021.10/bin/../lib/gcc/arm-none-eabi/10.3.1/../../../../arm-none-eabi/lib/thumb/v7-m/nofp/libm.a
LOAD /home/seradya/toolchains/gcc-arm-none-eabi-10.3-2021.10/bin/../lib/gcc/arm-none-eabi/10.3.1/../../../../arm-none-eabi/lib/thumb/v7-m/nofp/libnosys.a
START GROUP
LOAD /home/seradya/toolchains/gcc-arm-none-eabi-10.3-2021.10/bin/../lib/gcc/arm-none-eabi/10.3.1/thumb/v7-m/nofp/libgcc.a
LOAD /home/seradya/toolchains/gcc-arm-none-eabi-10.3-2021.10/bin/../lib/gcc/arm-none-eabi/10.3.1/../../../../arm-none-eabi/lib/thumb/v7-m/nofp/libc_nano.a
END GROUP
START GROUP
LOAD /home/seradya/toolchains/gcc-arm-none-eabi-10.3-2021.10/bin/../lib/gcc/arm-none-eabi/10.3.1/thumb/v7-m/nofp/libgcc.a
LOAD /home/seradya/toolchains/gcc-arm-none-eabi-10.3-2021.10/bin/../lib/gcc/arm-none-eabi/10.3.1/../../../../arm-none-eabi/lib/thumb/v7-m/nofp/libc_nano.a
END GROUP
LOAD /home/seradya/toolchains/gcc-arm-none-eabi-10.3-2021.10/bin/../lib/gcc/arm-none-eabi/10.3.1/thumb/v7-m/nofp/crtend.o
LOAD /home/seradya/toolchains/gcc-arm-none-eabi-10.3-2021.10/bin/../lib/gcc/arm-none-eabi/10.3.1/thumb/v7-m/nofp/crtn.o
                0x0000000020008000                _estack = (ORIGIN (RAM) + LENGTH (RAM))
                0x0000000000000200                _Min_Heap_Size = 0x200
                0x0000000000000400                _Min_Stack_Size = 0x400

.isr_vector     0x0000000008000000      0x13c
                0x0000000008000000                . = ALIGN (0x4)
 *(.isr_vector)
 .isr_vector    0x0000000008000000      0x13c build/startup_stm32l152xc.o
                0x0000000008000000                g_pfnVectors
                0x000000000800013c                . = ALIGN (0x4)

.text           0x000000000800013c      0x2d0
                0x000000000800013c                . = ALIGN (0x4)
 *(.text)
 .text          0x000000000800013c       0x40 /home/seradya/toolchains/gcc-arm-none-eabi-10.3-2021.10/bin/../lib/gcc/arm-none-eabi/10.3.1/thumb/v7-m/nofp/crtbegin.o
 *(.text*)
 .text.main     0x000000000800017c       0x14 build/main.o
                0x000000000800017c                main
 .text.delay    0x0000000008000190       0x18 build/main.o
                0x0000000008000190                delay
 .text.led_init
                0x00000000080001a8       0x28 build/gpio.o
                0x00000000080001a8                led_init
 .text.btn_init
                0x00000000080001d0       0x64 build/gpio.o
                0x00000000080001d0                btn_init
 .text.tim2_init
                0x0000000008000234       0x44 build/tim.o
                0x0000000008000234                tim2_init
 .text.sysclk_init
                0x0000000008000278       0x90 build/rcc.o
                0x0000000008000278                sysclk_init
 .text.TIM2_IRQHandler
                0x0000000008000308       0x1a build/it.o
                0x0000000008000308                TIM2_IRQHandler
 *fill*         0x0000000008000322        0x2 
 .text.EXTI0_IRQHandler
                0x0000000008000324       0x28 build/it.o
                0x0000000008000324                EXTI0_IRQHandler
 .text.NMI_Handler
                0x000000000800034c        0x2 build/stm32l1xx_it.o
                0x000000000800034c                NMI_Handler
 .text.HardFault_Handler
                0x000000000800034e        0x2 build/stm32l1xx_it.o
                0x000000000800034e                HardFault_Handler
 .text.MemManage_Handler
                0x0000000008000350        0x2 build/stm32l1xx_it.o
                0x0000000008000350                MemManage_Handler
 .text.BusFault_Handler
                0x0000000008000352        0x2 build/stm32l1xx_it.o
                0x0000000008000352                BusFault_Handler
 .text.UsageFault_Handler
                0x0000000008000354        0x2 build/stm32l1xx_it.o
                0x0000000008000354                UsageFault_Handler
 .text.SVC_Handler
                0x0000000008000356        0x2 build/stm32l1xx_it.o
                0x0000000008000356                SVC_Handler
 .text.DebugMon_Handler
                0x0000000008000358        0x2 build/stm32l1xx_it.o
                0x0000000008000358                DebugMon_Handler
 .text.PendSV_Handler
                0x000000000800035a        0x2 build/stm32l1xx_it.o
                0x000000000800035a                PendSV_Handler
 .text.SysTick_Handler
                0x000000000800035c        0x2 build/stm32l1xx_it.o
                0x000000000800035c                SysTick_Handler
 .text.SystemInit
                0x000000000800035e        0x2 build/system_stm32l1xx.o
                0x000000000800035e                SystemInit
 .text.Reset_Handler
                0x0000000008000360       0x48 build/startup_stm32l152xc.o
                0x0000000008000360                Reset_Handler
 .text.Default_Handler
                0x00000000080003a8        0x2 build/startup_stm32l152xc.o
                0x00000000080003a8                RTC_Alarm_IRQHandler
                0x00000000080003a8                EXTI2_IRQHandler
                0x00000000080003a8                COMP_ACQ_IRQHandler
                0x00000000080003a8                TIM10_IRQHandler
                0x00000000080003a8                USB_HP_IRQHandler
                0x00000000080003a8                TIM6_IRQHandler
                0x00000000080003a8                PVD_IRQHandler
                0x00000000080003a8                EXTI3_IRQHandler
                0x00000000080003a8                I2C2_EV_IRQHandler
                0x00000000080003a8                SPI1_IRQHandler
                0x00000000080003a8                USB_FS_WKUP_IRQHandler
                0x00000000080003a8                DMA2_Channel2_IRQHandler
                0x00000000080003a8                DMA1_Channel4_IRQHandler
                0x00000000080003a8                ADC1_IRQHandler
                0x00000000080003a8                USART3_IRQHandler
                0x00000000080003a8                DMA1_Channel7_IRQHandler
                0x00000000080003a8                LCD_IRQHandler
                0x00000000080003a8                TIM4_IRQHandler
                0x00000000080003a8                DMA2_Channel1_IRQHandler
                0x00000000080003a8                I2C1_EV_IRQHandler
                0x00000000080003a8                DMA1_Channel6_IRQHandler
                0x00000000080003a8                DMA2_Channel4_IRQHandler
                0x00000000080003a8                TIM3_IRQHandler
                0x00000000080003a8                RCC_IRQHandler
                0x00000000080003a8                DMA1_Channel1_IRQHandler
                0x00000000080003a8                Default_Handler
                0x00000000080003a8                EXTI15_10_IRQHandler
                0x00000000080003a8                TIM7_IRQHandler
                0x00000000080003a8                TIM5_IRQHandler
                0x00000000080003a8                EXTI9_5_IRQHandler
                0x00000000080003a8                TIM9_IRQHandler
                0x00000000080003a8                TAMPER_STAMP_IRQHandler
                0x00000000080003a8                RTC_WKUP_IRQHandler
                0x00000000080003a8                SPI2_IRQHandler
                0x00000000080003a8                DMA2_Channel5_IRQHandler
                0x00000000080003a8                DMA1_Channel5_IRQHandler
                0x00000000080003a8                USB_LP_IRQHandler
                0x00000000080003a8                EXTI4_IRQHandler
                0x00000000080003a8                DMA1_Channel3_IRQHandler
                0x00000000080003a8                COMP_IRQHandler
                0x00000000080003a8                WWDG_IRQHandler
                0x00000000080003a8                DAC_IRQHandler
                0x00000000080003a8                EXTI1_IRQHandler
                0x00000000080003a8                TIM11_IRQHandler
                0x00000000080003a8                USART2_IRQHandler
                0x00000000080003a8                I2C2_ER_IRQHandler
                0x00000000080003a8                DMA1_Channel2_IRQHandler
                0x00000000080003a8                FLASH_IRQHandler
                0x00000000080003a8                USART1_IRQHandler
                0x00000000080003a8                SPI3_IRQHandler
                0x00000000080003a8                I2C1_ER_IRQHandler
                0x00000000080003a8                DMA2_Channel3_IRQHandler
 *fill*         0x00000000080003aa        0x2 
 .text.__libc_init_array
                0x00000000080003ac       0x48 /home/seradya/toolchains/gcc-arm-none-eabi-10.3-2021.10/bin/../lib/gcc/arm-none-eabi/10.3.1/../../../../arm-none-eabi/lib/thumb/v7-m/nofp/libc_nano.a(lib_a-init.o)
                0x00000000080003ac                __libc_init_array
 *(.glue_7)
 .glue_7        0x00000000080003f4        0x0 linker stubs
 *(.glue_7t)
 .glue_7t       0x00000000080003f4        0x0 linker stubs
 *(.eh_frame)
 .eh_frame      0x00000000080003f4        0x0 /home/seradya/toolchains/gcc-arm-none-eabi-10.3-2021.10/bin/../lib/gcc/arm-none-eabi/10.3.1/thumb/v7-m/nofp/crtbegin.o
 *(.init)
 .init          0x00000000080003f4        0x4 /home/seradya/toolchains/gcc-arm-none-eabi-10.3-2021.10/bin/../lib/gcc/arm-none-eabi/10.3.1/thumb/v7-m/nofp/crti.o
                0x00000000080003f4                _init
 .init          0x00000000080003f8        0x8 /home/seradya/toolchains/gcc-arm-none-eabi-10.3-2021.10/bin/../lib/gcc/arm-none-eabi/10.3.1/thumb/v7-m/nofp/crtn.o
 *(.fini)
 .fini          0x0000000008000400        0x4 /home/seradya/toolchains/gcc-arm-none-eabi-10.3-2021.10/bin/../lib/gcc/arm-none-eabi/10.3.1/thumb/v7-m/nofp/crti.o
                0x0000000008000400                _fini
 .fini          0x0000000008000404        0x8 /home/seradya/toolchains/gcc-arm-none-eabi-10.3-2021.10/bin/../lib/gcc/arm-none-eabi/10.3.1/thumb/v7-m/nofp/crtn.o
                0x000000000800040c                . = ALIGN (0x4)
                0x000000000800040c                _etext = .

.vfp11_veneer   0x000000000800040c        0x0
 .vfp11_veneer  0x000000000800040c        0x0 linker stubs

.v4_bx          0x000000000800040c        0x0
 .v4_bx         0x000000000800040c        0x0 linker stubs

.iplt           0x000000000800040c        0x0
 .iplt          0x000000000800040c        0x0 /home/seradya/toolchains/gcc-arm-none-eabi-10.3-2021.10/bin/../lib/gcc/arm-none-eabi/10.3.1/thumb/v7-m/nofp/crtbegin.o

.rel.dyn        0x000000000800040c        0x0
 .rel.iplt      0x000000000800040c        0x0 /home/seradya/toolchains/gcc-arm-none-eabi-10.3-2021.10/bin/../lib/gcc/arm-none-eabi/10.3.1/thumb/v7-m/nofp/crtbegin.o

.rodata         0x000000000800040c        0x0
                0x000000000800040c                . = ALIGN (0x4)
 *(.rodata)
 *(.rodata*)
                0x000000000800040c                . = ALIGN (0x4)

.ARM.extab
 *(.ARM.extab* .gnu.linkonce.armextab.*)

.ARM            0x000000000800040c        0x0
                0x000000000800040c                __exidx_start = .
 *(.ARM.exidx*)
                0x000000000800040c                __exidx_end = .

.preinit_array  0x000000000800040c        0x0
                0x000000000800040c                PROVIDE (__preinit_array_start = .)
 *(.preinit_array*)
                0x000000000800040c                PROVIDE (__preinit_array_end = .)

.init_array     0x000000000800040c        0x4
                0x000000000800040c                PROVIDE (__init_array_start = .)
 *(SORT_BY_NAME(.init_array.*))
 *(.init_array*)
 .init_array    0x000000000800040c        0x4 /home/seradya/toolchains/gcc-arm-none-eabi-10.3-2021.10/bin/../lib/gcc/arm-none-eabi/10.3.1/thumb/v7-m/nofp/crtbegin.o
                0x0000000008000410                PROVIDE (__init_array_end = .)

.fini_array     0x0000000008000410        0x4
                [!provide]                        PROVIDE (__fini_array_start = .)
 *(SORT_BY_NAME(.fini_array.*))
 *(.fini_array*)
 .fini_array    0x0000000008000410        0x4 /home/seradya/toolchains/gcc-arm-none-eabi-10.3-2021.10/bin/../lib/gcc/arm-none-eabi/10.3.1/thumb/v7-m/nofp/crtbegin.o
                [!provide]                        PROVIDE (__fini_array_end = .)
                0x0000000008000414                _sidata = LOADADDR (.data)

.data           0x0000000020000000        0x0 load address 0x0000000008000414
                0x0000000020000000                . = ALIGN (0x4)
                0x0000000020000000                _sdata = .
 *(.data)
 *(.data*)
                0x0000000020000000                . = ALIGN (0x4)
                0x0000000020000000                _edata = .

.igot.plt       0x0000000020000000        0x0 load address 0x0000000008000414
 .igot.plt      0x0000000020000000        0x0 /home/seradya/toolchains/gcc-arm-none-eabi-10.3-2021.10/bin/../lib/gcc/arm-none-eabi/10.3.1/thumb/v7-m/nofp/crtbegin.o
                0x0000000020000000                . = ALIGN (0x4)

.bss            0x0000000020000000       0x1c load address 0x0000000008000414
                0x0000000020000000                _sbss = .
                0x0000000020000000                __bss_start__ = _sbss
 *(.bss)
 .bss           0x0000000020000000       0x1c /home/seradya/toolchains/gcc-arm-none-eabi-10.3-2021.10/bin/../lib/gcc/arm-none-eabi/10.3.1/thumb/v7-m/nofp/crtbegin.o
 *(.bss*)
 *(COMMON)
                0x000000002000001c                . = ALIGN (0x4)
                0x000000002000001c                _ebss = .
                0x000000002000001c                __bss_end__ = _ebss

._user_heap_stack
                0x000000002000001c      0x604 load address 0x0000000008000414
                0x0000000020000020                . = ALIGN (0x8)
 *fill*         0x000000002000001c        0x4 
                [!provide]                        PROVIDE (end = .)
                [!provide]                        PROVIDE (_end = .)
                0x0000000020000220                . = (. + _Min_Heap_Size)
 *fill*         0x0000000020000020      0x200 
                0x0000000020000620                . = (. + _Min_Stack_Size)
 *fill*         0x0000000020000220      0x400 
                0x0000000020000620                . = ALIGN (0x8)

/DISCARD/
 libc.a(*)
 libm.a(*)
 libgcc.a(*)

.ARM.attributes
                0x0000000000000000       0x29
 *(.ARM.attributes)
 .ARM.attributes
                0x0000000000000000       0x1d /home/seradya/toolchains/gcc-arm-none-eabi-10.3-2021.10/bin/../lib/gcc/arm-none-eabi/10.3.1/thumb/v7-m/nofp/crti.o
 .ARM.attributes
                0x000000000000001d       0x2d /home/seradya/toolchains/gcc-arm-none-eabi-10.3-2021.10/bin/../lib/gcc/arm-none-eabi/10.3.1/thumb/v7-m/nofp/crtbegin.o
 .ARM.attributes
                0x000000000000004a       0x2d build/main.o
 .ARM.attributes
                0x0000000000000077       0x2d build/gpio.o
 .ARM.attributes
                0x00000000000000a4       0x2d build/tim.o
 .ARM.attributes
                0x00000000000000d1       0x2d build/rcc.o
 .ARM.attributes
                0x00000000000000fe       0x2d build/it.o
 .ARM.attributes
                0x000000000000012b       0x2d build/stm32l1xx_it.o
 .ARM.attributes
                0x0000000000000158       0x2d build/system_stm32l1xx.o
 .ARM.attributes
                0x0000000000000185       0x21 build/startup_stm32l152xc.o
 .ARM.attributes
                0x00000000000001a6       0x2d /home/seradya/toolchains/gcc-arm-none-eabi-10.3-2021.10/bin/../lib/gcc/arm-none-eabi/10.3.1/../../../../arm-none-eabi/lib/thumb/v7-m/nofp/libc_nano.a(lib_a-init.o)
 .ARM.attributes
                0x00000000000001d3       0x1d /home/seradya/toolchains/gcc-arm-none-eabi-10.3-2021.10/bin/../lib/gcc/arm-none-eabi/10.3.1/thumb/v7-m/nofp/crtn.o
OUTPUT(build/Lab2_3_Interrupts_UART.elf elf32-littlearm)
LOAD linker stubs
LOAD /home/seradya/toolchains/gcc-arm-none-eabi-10.3-2021.10/bin/../lib/gcc/arm-none-eabi/10.3.1/../../../../arm-none-eabi/lib/thumb/v7-m/nofp/libc.a
LOAD /home/seradya/toolchains/gcc-arm-none-eabi-10.3-2021.10/bin/../lib/gcc/arm-none-eabi/10.3.1/../../../../arm-none-eabi/lib/thumb/v7-m/nofp/libm.a
LOAD /home/seradya/toolchains/gcc-arm-none-eabi-10.3-2021.10/bin/../lib/gcc/arm-none-eabi/10.3.1/thumb/v7-m/nofp/libgcc.a

.debug_info     0x0000000000000000     0x1cea
 .debug_info    0x0000000000000000      0x15e build/main.o
 .debug_info    0x000000000000015e      0x8d3 build/gpio.o
 .debug_info    0x0000000000000a31      0x892 build/tim.o
 .debug_info    0x00000000000012c3      0x272 build/rcc.o
 .debug_info    0x0000000000001535      0x378 build/it.o
 .debug_info    0x00000000000018ad      0x136 build/stm32l1xx_it.o
 .debug_info    0x00000000000019e3      0x2e5 build/system_stm32l1xx.o
 .debug_info    0x0000000000001cc8       0x22 build/startup_stm32l152xc.o

.debug_abbrev   0x0000000000000000      0x6d2
 .debug_abbrev  0x0000000000000000       0xe0 build/main.o
 .debug_abbrev  0x00000000000000e0      0x17b build/gpio.o
 .debug_abbrev  0x000000000000025b      0x161 build/tim.o
 .debug_abbrev  0x00000000000003bc       0xae build/rcc.o
 .debug_abbrev  0x000000000000046a       0xf5 build/it.o
 .debug_abbrev  0x000000000000055f       0x46 build/stm32l1xx_it.o
 .debug_abbrev  0x00000000000005a5      0x11b build/system_stm32l1xx.o
 .debug_abbrev  0x00000000000006c0       0x12 build/startup_stm32l152xc.o

.debug_loc      0x0000000000000000      0x2c6
 .debug_loc     0x0000000000000000       0x4c build/main.o
 .debug_loc     0x000000000000004c       0x42 build/gpio.o
 .debug_loc     0x000000000000008e       0x42 build/tim.o
 .debug_loc     0x00000000000000d0       0x20 build/it.o
 .debug_loc     0x00000000000000f0      0x1d6 build/system_stm32l1xx.o

.debug_aranges  0x0000000000000000      0x168
 .debug_aranges
                0x0000000000000000       0x28 build/main.o
 .debug_aranges
                0x0000000000000028       0x28 build/gpio.o
 .debug_aranges
                0x0000000000000050       0x20 build/tim.o
 .debug_aranges
                0x0000000000000070       0x20 build/rcc.o
 .debug_aranges
                0x0000000000000090       0x28 build/it.o
 .debug_aranges
                0x00000000000000b8       0x60 build/stm32l1xx_it.o
 .debug_aranges
                0x0000000000000118       0x28 build/system_stm32l1xx.o
 .debug_aranges
                0x0000000000000140       0x28 build/startup_stm32l152xc.o

.debug_ranges   0x0000000000000000       0xf0
 .debug_ranges  0x0000000000000000       0x18 build/main.o
 .debug_ranges  0x0000000000000018       0x18 build/gpio.o
 .debug_ranges  0x0000000000000030       0x10 build/tim.o
 .debug_ranges  0x0000000000000040       0x10 build/rcc.o
 .debug_ranges  0x0000000000000050       0x18 build/it.o
 .debug_ranges  0x0000000000000068       0x50 build/stm32l1xx_it.o
 .debug_ranges  0x00000000000000b8       0x18 build/system_stm32l1xx.o
 .debug_ranges  0x00000000000000d0       0x20 build/startup_stm32l152xc.o

.debug_line     0x0000000000000000      0xd6f
 .debug_line    0x0000000000000000      0x18d build/main.o
 .debug_line    0x000000000000018d      0x20c build/gpio.o
 .debug_line    0x0000000000000399      0x1c8 build/tim.o
 .debug_line    0x0000000000000561      0x28c build/rcc.o
 .debug_line    0x00000000000007ed      0x18a build/it.o
 .debug_line    0x0000000000000977      0x138 build/stm32l1xx_it.o
 .debug_line    0x0000000000000aaf      0x24b build/system_stm32l1xx.o
 .debug_line    0x0000000000000cfa       0x75 build/startup_stm32l152xc.o

.debug_str      0x0000000000000000      0x8f1
 .debug_str     0x0000000000000000      0x17c build/main.o
                                        0x1b9 (size before relaxing)
 .debug_str     0x000000000000017c      0x52a build/gpio.o
                                        0x6c1 (size before relaxing)
 .debug_str     0x00000000000006a6       0x65 build/tim.o
                                        0x6a2 (size before relaxing)
 .debug_str     0x000000000000070b       0x55 build/rcc.o
                                        0x236 (size before relaxing)
 .debug_str     0x0000000000000760       0x2f build/it.o
                                        0x24a (size before relaxing)
 .debug_str     0x000000000000078f       0xa8 build/stm32l1xx_it.o
                                        0x204 (size before relaxing)
 .debug_str     0x0000000000000837       0x96 build/system_stm32l1xx.o
                                        0x27d (size before relaxing)
 .debug_str     0x00000000000008cd       0x24 build/startup_stm32l152xc.o
                                         0x6d (size before relaxing)

.comment        0x0000000000000000       0x49
 .comment       0x0000000000000000       0x49 build/main.o
                                         0x4a (size before relaxing)
 .comment       0x0000000000000049       0x4a build/gpio.o
 .comment       0x0000000000000049       0x4a build/tim.o
 .comment       0x0000000000000049       0x4a build/rcc.o
 .comment       0x0000000000000049       0x4a build/it.o
 .comment       0x0000000000000049       0x4a build/stm32l1xx_it.o
 .comment       0x0000000000000049       0x4a build/system_stm32l1xx.o

.debug_frame    0x0000000000000000      0x1e4
 .debug_frame   0x0000000000000000       0x40 build/main.o
 .debug_frame   0x0000000000000040       0x30 build/gpio.o
 .debug_frame   0x0000000000000070       0x20 build/tim.o
 .debug_frame   0x0000000000000090       0x20 build/rcc.o
 .debug_frame   0x00000000000000b0       0x38 build/it.o
 .debug_frame   0x00000000000000e8       0xa0 build/stm32l1xx_it.o
 .debug_frame   0x0000000000000188       0x30 build/system_stm32l1xx.o
 .debug_frame   0x00000000000001b8       0x2c /home/seradya/toolchains/gcc-arm-none-eabi-10.3-2021.10/bin/../lib/gcc/arm-none-eabi/10.3.1/../../../../arm-none-eabi/lib/thumb/v7-m/nofp/libc_nano.a(lib_a-init.o)

Cross Reference Table

Symbol                                            File
ADC1_IRQHandler                                   build/startup_stm32l152xc.o
AHBPrescTable                                     build/system_stm32l1xx.o
APBPrescTable                                     build/system_stm32l1xx.o
BusFault_Handler                                  build/stm32l1xx_it.o
COMP_ACQ_IRQHandler                               build/startup_stm32l152xc.o
COMP_IRQHandler                                   build/startup_stm32l152xc.o
DAC_IRQHandler                                    build/startup_stm32l152xc.o
DMA1_Channel1_IRQHandler                          build/startup_stm32l152xc.o
DMA1_Channel2_IRQHandler                          build/startup_stm32l152xc.o
DMA1_Channel3_IRQHandler                          build/startup_stm32l152xc.o
DMA1_Channel4_IRQHandler                          build/startup_stm32l152xc.o
DMA1_Channel5_IRQHandler                          build/startup_stm32l152xc.o
DMA1_Channel6_IRQHandler                          build/startup_stm32l152xc.o
DMA1_Channel7_IRQHandler                          build/startup_stm32l152xc.o
DMA2_Channel1_IRQHandler                          build/startup_stm32l152xc.o
DMA2_Channel2_IRQHandler                          build/startup_stm32l152xc.o
DMA2_Channel3_IRQHandler                          build/startup_stm32l152xc.o
DMA2_Channel4_IRQHandler                          build/startup_stm32l152xc.o
DMA2_Channel5_IRQHandler                          build/startup_stm32l152xc.o
DebugMon_Handler                                  build/stm32l1xx_it.o
Default_Handler                                   build/startup_stm32l152xc.o
EXTI0_IRQHandler                                  build/it.o
EXTI15_10_IRQHandler                              build/startup_stm32l152xc.o
EXTI1_IRQHandler                                  build/startup_stm32l152xc.o
EXTI2_IRQHandler                                  build/startup_stm32l152xc.o
EXTI3_IRQHandler                                  build/startup_stm32l152xc.o
EXTI4_IRQHandler                                  build/startup_stm32l152xc.o
EXTI9_5_IRQHandler                                build/startup_stm32l152xc.o
FLASH_IRQHandler                                  build/startup_stm32l152xc.o
HardFault_Handler                                 build/stm32l1xx_it.o
I2C1_ER_IRQHandler                                build/startup_stm32l152xc.o
I2C1_EV_IRQHandler                                build/startup_stm32l152xc.o
I2C2_ER_IRQHandler                                build/startup_stm32l152xc.o
I2C2_EV_IRQHandler                                build/startup_stm32l152xc.o
LCD_IRQHandler                                    build/startup_stm32l152xc.o
MemManage_Handler                                 build/stm32l1xx_it.o
NMI_Handler                                       build/stm32l1xx_it.o
PLLMulTable                                       build/system_stm32l1xx.o
PVD_IRQHandler                                    build/startup_stm32l152xc.o
PendSV_Handler                                    build/stm32l1xx_it.o
RCC_IRQHandler                                    build/startup_stm32l152xc.o
RTC_Alarm_IRQHandler                              build/startup_stm32l152xc.o
RTC_WKUP_IRQHandler                               build/startup_stm32l152xc.o
Reset_Handler                                     build/startup_stm32l152xc.o
SPI1_IRQHandler                                   build/startup_stm32l152xc.o
SPI2_IRQHandler                                   build/startup_stm32l152xc.o
SPI3_IRQHandler                                   build/startup_stm32l152xc.o
SVC_Handler                                       build/stm32l1xx_it.o
SysTick_Handler                                   build/stm32l1xx_it.o
SystemCoreClock                                   build/system_stm32l1xx.o
SystemCoreClockUpdate                             build/system_stm32l1xx.o
SystemInit                                        build/system_stm32l1xx.o
                                                  build/startup_stm32l152xc.o
TAMPER_STAMP_IRQHandler                           build/startup_stm32l152xc.o
TIM10_IRQHandler                                  build/startup_stm32l152xc.o
TIM11_IRQHandler                                  build/startup_stm32l152xc.o
TIM2_IRQHandler                                   build/it.o
TIM3_IRQHandler                                   build/startup_stm32l152xc.o
TIM4_IRQHandler                                   build/startup_stm32l152xc.o
TIM5_IRQHandler                                   build/startup_stm32l152xc.o
TIM6_IRQHandler                                   build/startup_stm32l152xc.o
TIM7_IRQHandler                                   build/startup_stm32l152xc.o
TIM9_IRQHandler                                   build/startup_stm32l152xc.o
USART1_IRQHandler                                 build/startup_stm32l152xc.o
USART2_IRQHandler                                 build/startup_stm32l152xc.o
USART3_IRQHandler                                 build/startup_stm32l152xc.o
USB_FS_WKUP_IRQHandler                            build/startup_stm32l152xc.o
USB_HP_IRQHandler                                 build/startup_stm32l152xc.o
USB_LP_IRQHandler                                 build/startup_stm32l152xc.o
UsageFault_Handler                                build/stm32l1xx_it.o
WWDG_IRQHandler                                   build/startup_stm32l152xc.o
__bss_end__                                       /home/seradya/toolchains/gcc-arm-none-eabi-10.3-2021.10/bin/../lib/gcc/arm-none-eabi/10.3.1/../../../../arm-none-eabi/lib/thumb/v7-m/nofp/crt0.o
__bss_start__                                     /home/seradya/toolchains/gcc-arm-none-eabi-10.3-2021.10/bin/../lib/gcc/arm-none-eabi/10.3.1/../../../../arm-none-eabi/lib/thumb/v7-m/nofp/crt0.o
__call_exitprocs                                  /home/seradya/toolchains/gcc-arm-none-eabi-10.3-2021.10/bin/../lib/gcc/arm-none-eabi/10.3.1/../../../../arm-none-eabi/lib/thumb/v7-m/nofp/libc_nano.a(lib_a-exit.o)
__deregister_frame_info                           /home/seradya/toolchains/gcc-arm-none-eabi-10.3-2021.10/bin/../lib/gcc/arm-none-eabi/10.3.1/thumb/v7-m/nofp/crtbegin.o
__dso_handle                                      /home/seradya/toolchains/gcc-arm-none-eabi-10.3-2021.10/bin/../lib/gcc/arm-none-eabi/10.3.1/thumb/v7-m/nofp/crtbegin.o
__init_array_end                                  /home/seradya/toolchains/gcc-arm-none-eabi-10.3-2021.10/bin/../lib/gcc/arm-none-eabi/10.3.1/../../../../arm-none-eabi/lib/thumb/v7-m/nofp/libc_nano.a(lib_a-init.o)
__init_array_start                                /home/seradya/toolchains/gcc-arm-none-eabi-10.3-2021.10/bin/../lib/gcc/arm-none-eabi/10.3.1/../../../../arm-none-eabi/lib/thumb/v7-m/nofp/libc_nano.a(lib_a-init.o)
__libc_fini_array                                 /home/seradya/toolchains/gcc-arm-none-eabi-10.3-2021.10/bin/../lib/gcc/arm-none-eabi/10.3.1/../../../../arm-none-eabi/lib/thumb/v7-m/nofp/crt0.o
__libc_init_array                                 /home/seradya/toolchains/gcc-arm-none-eabi-10.3-2021.10/bin/../lib/gcc/arm-none-eabi/10.3.1/../../../../arm-none-eabi/lib/thumb/v7-m/nofp/libc_nano.a(lib_a-init.o)
                                                  build/startup_stm32l152xc.o
                                                  /home/seradya/toolchains/gcc-arm-none-eabi-10.3-2021.10/bin/../lib/gcc/arm-none-eabi/10.3.1/../../../../arm-none-eabi/lib/thumb/v7-m/nofp/crt0.o
__preinit_array_end                               /home/seradya/toolchains/gcc-arm-none-eabi-10.3-2021.10/bin/../lib/gcc/arm-none-eabi/10.3.1/../../../../arm-none-eabi/lib/thumb/v7-m/nofp/libc_nano.a(lib_a-init.o)
__preinit_array_start                             /home/seradya/toolchains/gcc-arm-none-eabi-10.3-2021.10/bin/../lib/gcc/arm-none-eabi/10.3.1/../../../../arm-none-eabi/lib/thumb/v7-m/nofp/libc_nano.a(lib_a-init.o)
__register_frame_info                             /home/seradya/toolchains/gcc-arm-none-eabi-10.3-2021.10/bin/../lib/gcc/arm-none-eabi/10.3.1/thumb/v7-m/nofp/crtbegin.o
__sf_fake_stderr                                  /home/seradya/toolchains/gcc-arm-none-eabi-10.3-2021.10/bin/../lib/gcc/arm-none-eabi/10.3.1/../../../../arm-none-eabi/lib/thumb/v7-m/nofp/libc_nano.a(lib_a-impure.o)
__sf_fake_stdin                                   /home/seradya/toolchains/gcc-arm-none-eabi-10.3-2021.10/bin/../lib/gcc/arm-none-eabi/10.3.1/../../../../arm-none-eabi/lib/thumb/v7-m/nofp/libc_nano.a(lib_a-impure.o)
__sf_fake_stdout                                  /home/seradya/toolchains/gcc-arm-none-eabi-10.3-2021.10/bin/../lib/gcc/arm-none-eabi/10.3.1/../../../../arm-none-eabi/lib/thumb/v7-m/nofp/libc_nano.a(lib_a-impure.o)
__stack                                           /home/seradya/toolchains/gcc-arm-none-eabi-10.3-2021.10/bin/../lib/gcc/arm-none-eabi/10.3.1/../../../../arm-none-eabi/lib/thumb/v7-m/nofp/crt0.o
_ebss                                             build/startup_stm32l152xc.o
_edata                                            build/startup_stm32l152xc.o
_estack                                           build/startup_stm32l152xc.o
_exit                                             /home/seradya/toolchains/gcc-arm-none-eabi-10.3-2021.10/bin/../lib/gcc/arm-none-eabi/10.3.1/../../../../arm-none-eabi/lib/thumb/v7-m/nofp/libnosys.a(_exit.o)
                                                  /home/seradya/toolchains/gcc-arm-none-eabi-10.3-2021.10/bin/../lib/gcc/arm-none-eabi/10.3.1/../../../../arm-none-eabi/lib/thumb/v7-m/nofp/libc_nano.a(lib_a-exit.o)
_fini                                             /home/seradya/toolchains/gcc-arm-none-eabi-10.3-2021.10/bin/../lib/gcc/arm-none-eabi/10.3.1/thumb/v7-m/nofp/crti.o
_global_impure_ptr                                /home/seradya/toolchains/gcc-arm-none-eabi-10.3-2021.10/bin/../lib/gcc/arm-none-eabi/10.3.1/../../../../arm-none-eabi/lib/thumb/v7-m/nofp/libc_nano.a(lib_a-impure.o)
                                                  /home/seradya/toolchains/gcc-arm-none-eabi-10.3-2021.10/bin/../lib/gcc/arm-none-eabi/10.3.1/../../../../arm-none-eabi/lib/thumb/v7-m/nofp/libc_nano.a(lib_a-exit.o)
_impure_ptr                                       /home/seradya/toolchains/gcc-arm-none-eabi-10.3-2021.10/bin/../lib/gcc/arm-none-eabi/10.3.1/../../../../arm-none-eabi/lib/thumb/v7-m/nofp/libc_nano.a(lib_a-impure.o)
_init                                             /home/seradya/toolchains/gcc-arm-none-eabi-10.3-2021.10/bin/../lib/gcc/arm-none-eabi/10.3.1/thumb/v7-m/nofp/crti.o
                                                  /home/seradya/toolchains/gcc-arm-none-eabi-10.3-2021.10/bin/../lib/gcc/arm-none-eabi/10.3.1/../../../../arm-none-eabi/lib/thumb/v7-m/nofp/libc_nano.a(lib_a-init.o)
_mainCRTStartup                                   /home/seradya/toolchains/gcc-arm-none-eabi-10.3-2021.10/bin/../lib/gcc/arm-none-eabi/10.3.1/../../../../arm-none-eabi/lib/thumb/v7-m/nofp/crt0.o
_sbss                                             build/startup_stm32l152xc.o
_sdata                                            build/startup_stm32l152xc.o
_sidata                                           build/startup_stm32l152xc.o
_stack_init                                       /home/seradya/toolchains/gcc-arm-none-eabi-10.3-2021.10/bin/../lib/gcc/arm-none-eabi/10.3.1/../../../../arm-none-eabi/lib/thumb/v7-m/nofp/crt0.o
_start                                            /home/seradya/toolchains/gcc-arm-none-eabi-10.3-2021.10/bin/../lib/gcc/arm-none-eabi/10.3.1/../../../../arm-none-eabi/lib/thumb/v7-m/nofp/crt0.o
atexit                                            /home/seradya/toolchains/gcc-arm-none-eabi-10.3-2021.10/bin/../lib/gcc/arm-none-eabi/10.3.1/../../../../arm-none-eabi/lib/thumb/v7-m/nofp/crt0.o
btn_init                                          build/gpio.o
                                                  build/main.o
delay                                             build/main.o
                                                  build/it.o
exit                                              /home/seradya/toolchains/gcc-arm-none-eabi-10.3-2021.10/bin/../lib/gcc/arm-none-eabi/10.3.1/../../../../arm-none-eabi/lib/thumb/v7-m/nofp/libc_nano.a(lib_a-exit.o)
                                                  /home/seradya/toolchains/gcc-arm-none-eabi-10.3-2021.10/bin/../lib/gcc/arm-none-eabi/10.3.1/../../../../arm-none-eabi/lib/thumb/v7-m/nofp/crt0.o
g_pfnVectors                                      build/startup_stm32l152xc.o
hardware_init_hook                                /home/seradya/toolchains/gcc-arm-none-eabi-10.3-2021.10/bin/../lib/gcc/arm-none-eabi/10.3.1/../../../../arm-none-eabi/lib/thumb/v7-m/nofp/crt0.o
led_init                                          build/gpio.o
                                                  build/main.o
main                                              build/main.o
                                                  build/startup_stm32l152xc.o
                                                  /home/seradya/toolchains/gcc-arm-none-eabi-10.3-2021.10/bin/../lib/gcc/arm-none-eabi/10.3.1/../../../../arm-none-eabi/lib/thumb/v7-m/nofp/crt0.o
memset                                            /home/seradya/toolchains/gcc-arm-none-eabi-10.3-2021.10/bin/../lib/gcc/arm-none-eabi/10.3.1/../../../../arm-none-eabi/lib/thumb/v7-m/nofp/libc_nano.a(lib_a-memset.o)
                                                  /home/seradya/toolchains/gcc-arm-none-eabi-10.3-2021.10/bin/../lib/gcc/arm-none-eabi/10.3.1/../../../../arm-none-eabi/lib/thumb/v7-m/nofp/crt0.o
software_init_hook                                /home/seradya/toolchains/gcc-arm-none-eabi-10.3-2021.10/bin/../lib/gcc/arm-none-eabi/10.3.1/../../../../arm-none-eabi/lib/thumb/v7-m/nofp/crt0.o
sysclk_init                                       build/rcc.o
                                                  build/main.o
tim2_init                                         build/tim.o
                                                  build/main.o
